INFO:__main__:Testing FT.SEARCH with explicit RETURN...
INFO:__main__:FT.SEARCH result: [1832, 'llama_index/vector_d9ff229d-ec37-44d5-861a-0106aae7af42', None, 'llama_index/vector_8dcc5e55-0b0a-4eab-9b5a-2bb76d6fc11a', None]
INFO:__main__:
Testing direct hash access...
